// Jest Snapshot v1, https://goo.gl/fbAQLP

exports[`RadialMenu renders without crashing 1`] = `
<View
  className="items-center justify-center overflow-visible"
  pointerEvents="box-none"
  style={
    [
      undefined,
      {
        "backgroundColor": "transparent",
      },
    ]
  }
>
  <View
    style={
      [
        {},
        {
          "backgroundColor": "#000",
          "height": 2668,
          "pointerEvents": "none",
          "position": "absolute",
          "width": 1500,
          "zIndex": 500,
        },
      ]
    }
  />
  <View
    style={
      [
        {},
        {
          "backgroundColor": "blue",
          "borderRadius": 100,
          "bottom": -70,
          "height": 200,
          "position": "absolute",
          "width": 200,
          "zIndex": 1000,
        },
      ]
    }
  />
  <View
    className="absolute w-[52px] h-[52px] items-center justify-center"
    style={{}}
  >
    <View
      className="w-[52px] h-[52px] rounded-full items-center justify-center shadow-sm"
      style={
        [
          {
            "backgroundColor": "blue",
          },
          {},
        ]
      }
    >
      <IconSymbol
        color="#fff"
        name="star"
        size={28}
      />
    </View>
    <Text
      className="absolute -top-7 text-xs font-semibold w-20 text-center"
      style={
        [
          {
            "color": "#fff",
            "textShadowColor": "rgba(0,0,0,0.5)",
            "textShadowOffset": {
              "height": 1,
              "width": 0,
            },
            "textShadowRadius": 2,
          },
          {},
        ]
      }
    >
      Item 1
    </Text>
  </View>
  <View
    className="absolute w-[52px] h-[52px] items-center justify-center"
    style={{}}
  >
    <View
      className="w-[52px] h-[52px] rounded-full items-center justify-center shadow-sm"
      style={
        [
          {
            "backgroundColor": "blue",
          },
          {},
        ]
      }
    >
      <IconSymbol
        color="#fff"
        name="heart"
        size={28}
      />
    </View>
    <Text
      className="absolute -top-7 text-xs font-semibold w-20 text-center"
      style={
        [
          {
            "color": "#fff",
            "textShadowColor": "rgba(0,0,0,0.5)",
            "textShadowOffset": {
              "height": 1,
              "width": 0,
            },
            "textShadowRadius": 2,
          },
          {},
        ]
      }
    >
      Item 2
    </Text>
  </View>
  <View>
    <View
      style={{}}
    >
      <View
        className="absolute inset-0"
        style={
          [
            {
              "backgroundColor": "gray",
              "borderRadius": 30,
            },
          ]
        }
      />
      <IconSymbol
        color="black"
        name="plus"
        size={30}
      />
    </View>
  </View>
</View>
`;
