// Jest Snapshot v1, https://goo.gl/fbAQLP

exports[`RadialMenu renders without crashing 1`] = `
<View
  pointerEvents="box-none"
  style={
    [
      {
        "alignItems": "center",
        "justifyContent": "center",
        "overflow": "visible",
      },
      undefined,
      {
        "backgroundColor": "transparent",
        "overflow": "visible",
      },
    ]
  }
>
  <View
    style={
      [
        {
          "alignItems": "center",
          "height": 52,
          "justifyContent": "center",
          "position": "absolute",
          "width": 52,
        },
        {},
      ]
    }
  >
    <View
      style={
        [
          {
            "alignItems": "center",
            "borderRadius": 26,
            "elevation": 4,
            "height": 52,
            "justifyContent": "center",
            "shadowColor": "#000",
            "shadowOffset": {
              "height": 2,
              "width": 0,
            },
            "shadowOpacity": 0.2,
            "shadowRadius": 3,
            "width": 52,
          },
          {
            "backgroundColor": "blue",
          },
          {},
        ]
      }
    >
      <IconSymbol
        color="#fff"
        name="star"
        size={28}
      />
    </View>
    <Text
      style={
        [
          {
            "fontSize": 12,
            "fontWeight": "600",
            "position": "absolute",
            "textAlign": "center",
            "top": -26,
            "width": 80,
          },
          {
            "color": "black",
          },
          {},
        ]
      }
    >
      Item 1
    </Text>
  </View>
  <View
    style={
      [
        {
          "alignItems": "center",
          "height": 52,
          "justifyContent": "center",
          "position": "absolute",
          "width": 52,
        },
        {},
      ]
    }
  >
    <View
      style={
        [
          {
            "alignItems": "center",
            "borderRadius": 26,
            "elevation": 4,
            "height": 52,
            "justifyContent": "center",
            "shadowColor": "#000",
            "shadowOffset": {
              "height": 2,
              "width": 0,
            },
            "shadowOpacity": 0.2,
            "shadowRadius": 3,
            "width": 52,
          },
          {
            "backgroundColor": "blue",
          },
          {},
        ]
      }
    >
      <IconSymbol
        color="#fff"
        name="heart"
        size={28}
      />
    </View>
    <Text
      style={
        [
          {
            "fontSize": 12,
            "fontWeight": "600",
            "position": "absolute",
            "textAlign": "center",
            "top": -26,
            "width": 80,
          },
          {
            "color": "black",
          },
          {},
        ]
      }
    >
      Item 2
    </Text>
  </View>
  <View>
    <View
      style={{}}
    >
      <View
        style={
          [
            {
              "bottom": 0,
              "left": 0,
              "position": "absolute",
              "right": 0,
              "top": 0,
            },
            {
              "backgroundColor": "gray",
              "borderRadius": 30,
            },
          ]
        }
      />
      <IconSymbol
        color="black"
        name="plus"
        size={30}
      />
    </View>
  </View>
</View>
`;
